<INFOTBL>

42


#pan(%LBX[x:,y:,h:20,w:],0)
#ctxt(%LBX[x:,y:,h:20,w:],{},"+wood")
#pan(%LBX[x:,y:,h:20,w:],0)
#ctxt(%LBX[x:,y:,h:20,w:],{},"+food")
#pan(%LBX[x:,y:,h:20,w:],0)
#ctxt(%LBX[x:,y:,h:20,w:],{},"+stone")
#pan(%LBX[x:,y:,h:20,w:],0)
#ctxt(%LBX[x:,y:,h:20,w:],{},"+gold")
#pan(%LBX[x:,y:,h:20,w:],0)
#ctxt(%LBX[x:,y:,h:20,w:],{},"+iron")
#pan(%LBX[x:,y:,h:20,w:],0)
#ctxt(%LBX[x:,y:,h:20,w:],{},"+coal")

#pan(%LBX[x:,y:,h:20,w:],0)
#ctxt(%LBX[x:,y:,h:20,w:],{},"+popul")
#pan(%LBX[x:,y:,h:20,w:],0)
#ctxt(%LBX[x:,y:,h:20,w:],{},"*casuality")
#pan(%LBX[x:,y:,h:20,w:],0)
#ctxt(%LBX[x:,y:,h:20,w:],{},"*wood")
#pan(%LBX[x:,y:,h:20,w:],0)
#ctxt(%LBX[x:,y:,h:20,w:],{},"*food")
#pan(%LBX[x:,y:,h:20,w:],0)
#ctxt(%LBX[x:,y:,h:20,w:],{},"*stone")
#pan(%LBX[x:,y:,h:20,w:],0)
#ctxt(%LBX[x:,y:,h:20,w:],{},"*gold")
#pan(%LBX[x:,y:,h:20,w:],0)
#ctxt(%LBX[x:,y:,h:20,w:],{},"*iron")
#pan(%LBX[x:,y:,h:20,w:],0)
#ctxt(%LBX[x:,y:,h:20,w:],{},"*coal")

#pan(%LBX[x:,y:,w:,h:],5)
#ctxt(%LBX[x:,y:3,w:,h:],{},"")
#pan(%LBX[x:,y:,w:,h:],5)
#ctxt(%LBX[x:,y:3,w:,h:],{},"")
#pan(%LBX[x:,y:,w:,h:],5)
#ctxt(%LBX[x:,y:3,w:,h:],{},"")
#pan(%LBX[x:,y:,w:,h:],5)
#ctxt(%LBX[x:,y:3,w:,h:22],{},"")
#pan(%LBX[x:,y:,w:,h:],5)
#ctxt(%LBX[x:,y:3,w:,h:22],{},"")
#pan(%LBX[x:,y:,w:,h:],5)
#ctxt(%LBX[x:,y:3,w:,h:22],{},"")
#pan(%LBX[x:,y:,w:,h:],5)
#ctxt(%LBX[x:,y:3,w:,h:22],{},"0")

#font(YF,YF,YF)
//#txt(%LBX[x:338,y:9,w:100%,h:40],{},"show resources in terms of:")
//#cbb(%LBX[x:508,y:5,w:100,h:24],{%GV_LCN_INFR}{LW_show&:GW\7Cgo\26room_info_dgl\26VE_RID=7\26part=statcols\26res=<%GV_LCN_INFR>\26page=1},--,gold,iron/coal,wood/stone,food,0)
#apan(%LBX[x:,y:5,w:40,h:22],{},5)
#ctxt(%LBX[x:,y:8,w:40,h:22],{},"1")
#apan(%LBX[x:,y:5,w:40,h:22],{GW|go&room_info_dgl&VE_RID=7&part=statcols&res=<%GV_LCN_INFR>&page=2},2)
#ctxt(%LBX[x:,y:8,w:40,h:22],{},"2")
#apan(%LBX[x:,y:5,w:40,h:22],{GW|go&room_info_dgl&VE_RID=7&part=statcols&res=<%GV_LCN_INFR>&page=3},2)
#ctxt(%LBX[x:,y:8,w:40,h:22],{},"3")
<INFOTBL>
