<INFOTBL>


#pan(%LBX[x:347,y:62,h:20,w:49],0)
#ctxt(%LBX[x:347,y:65,h:20,w:49],{},"+wood")

#pan(%LBX[x:395,y:62,h:20,w:49],0)
#ctxt(%LBX[x:395,y:65,h:20,w:49],{},"+food")

#pan(%LBX[x:443,y:62,h:20,w:49],0)
#ctxt(%LBX[x:443,y:65,h:20,w:49],{},"+stone")

#pan(%LBX[x:491,y:62,h:20,w:49],0)
#ctxt(%LBX[x:491,y:65,h:20,w:49],{},"+gold")

#pan(%LBX[x:539,y:62,h:20,w:49],0)
#ctxt(%LBX[x:539,y:65,h:20,w:49],{},"+iron")

#pan(%LBX[x:587,y:62,h:20,w:49],0)
#ctxt(%LBX[x:587,y:65,h:20,w:49],{},"+coal")

#pan(%LBX[x:635,y:62,h:20,w:49],0)
#ctxt(%LBX[x:635,y:65,h:20,w:49],{},"+popul")

#pan(%LBX[x:683,y:62,h:20,w:54],0)
#ctxt(%LBX[x:683,y:65,h:20,w:54],{},"*casuality")





#pan(%LBX[x:347,y:81,w:49,h:22],5)
#ctxt(%LBX[x:347,y:84,w:49,h:22],{},"1.0")

#pan(%LBX[x:395,y:81,w:49,h:22],5)
#ctxt(%LBX[x:395,y:84,w:49,h:22],{},"0.5")

#pan(%LBX[x:443,y:81,w:49,h:22],5)
#ctxt(%LBX[x:443,y:84,w:49,h:22],{},"0.2")

#pan(%LBX[x:491,y:81,w:49,h:22],5)
#ctxt(%LBX[x:491,y:84,w:49,h:22],{},"0.3")

#pan(%LBX[x:539,y:81,w:49,h:22],5)
#ctxt(%LBX[x:539,y:84,w:49,h:22],{},"0.1")

#pan(%LBX[x:587,y:81,w:49,h:22],5)
#ctxt(%LBX[x:587,y:84,w:49,h:22],{},"0.0")

#pan(%LBX[x:635,y:81,w:49,h:22],5)
#ctxt(%LBX[x:635,y:84,w:49,h:22],{},"0.0")

#pan(%LBX[x:683,y:81,w:54,h:22],5)
#ctxt(%LBX[x:683,y:84,w:54,h:22],{},"0")




#font(YF,YF,YF)
#apan(%LBX[x:613,y:37,w:40,h:22],{},5)
#ctxt(%LBX[x:613,y:40,w:40,h:22],{},"1")

#apan(%LBX[x:655,y:37,w:40,h:22],{GW|go&room_info_dgl&VE_RID=7&part=statcols&res=<%GV_LCN_INFR>&page=2},2)
#ctxt(%LBX[x:655,y:40,w:40,h:22],{},"2")

#apan(%LBX[x:697,y:37,w:40,h:22],{GW|go&room_info_dgl&VE_RID=7&part=statcols&res=<%GV_LCN_INFR>&page=3},2)
#ctxt(%LBX[x:697,y:40,w:40,h:22],{},"3")
<INFOTBL>
